
> nextjs-new@0.1.0 build
> next build

node.exe :  ΓÜá Warning: Next.js inferred your 
workspace root, but it may not be correct.
At line:1 char:1
+ & "C:\Program Files\nodejs/node.exe" "C:\Program 
Files\nodejs/node_mo ...
+ ~~~~~~~~~~~~~~~~~~~~~~~~~~~~~~~~~~~~~~~~~~~~~~~~~
~~~~~~~~~~~~~~~~~~~~
    + CategoryInfo          : NotSpecified: ( ΓÜá  
   Warning: N...not be correct.:String) [], Remot  
  eException
    + FullyQualifiedErrorId : NativeCommandError
 
 We detected multiple lockfiles and selected the 
directory of C:\Users\Admin\package-lock.json as 
the root directory.
 To silence this warning, set 
`outputFileTracingRoot` in your Next.js config, or 
consider removing one of the lockfiles if it's not 
needed.
   See https://nextjs.org/docs/app/api-reference/co
nfig/next-config-js/output#caveats for more 
information.
 Detected additional lockfiles: 
   * C:\Users\Admin\Desktop\projects\Papercraft\pac
kage-lock.json

   Γû▓ Next.js 15.5.9
   - Environments: .env.local, .env

   Creating an optimized production build ...
 Γ£ô Compiled successfully in 7.1s
   Skipping validation of types
   Skipping linting
   Collecting page data ...
   Generating static pages (0/20) ...
   Generating static pages (5/20) 
   Generating static pages (10/20) 
   Generating static pages (15/20) 
 Γ£ô Generating static pages (20/20)
   Finalizing page optimization ...
   Collecting build traces ...

Route (app)                                 Size  First Load JS
Γöî Γùï /                                    41.6 kB         157 kB
Γö£ Γùï /_not-found                            996 B         103 kB
Γö£ ╞Æ /api/export/track                      139 B         102 kB
Γö£ ╞Æ /api/generate-questions                139 B         102 kB
Γö£ ╞Æ /api/offers                            139 B         102 kB
Γö£ ╞Æ /api/offers/validate                   139 B         102 kB
Γö£ ╞Æ /api/papers                            139 B         102 kB
Γö£ ╞Æ /api/translate-paper                   139 B         102 kB
Γö£ ╞Æ /builder/[id]                         289 kB         453 kB
Γö£ Γùï /contact                             3.17 kB         115 kB
Γö£ Γùï /create-with-ai                      5.71 kB         155 kB
Γö£ Γùï /dashboard                           19.6 kB         175 kB
Γö£ Γùï /login                               2.99 kB         128 kB
Γö£ Γùï /pricing                             4.63 kB         120 kB
Γö£ Γùï /privacy-policy                      2.57 kB         105 kB
Γö£ Γùï /refund-policy                       2.25 kB         104 kB
Γö£ Γùï /shipping-policy                      2.1 kB         104 kB
Γöö Γùï /terms                                2.6 kB         105 kB
+ First Load JS shared by all             102 kB
  Γö£ chunks/255-dc5f45a243dc3a80.js       45.6 kB
  Γö£ chunks/4bd1b696-409494caf8c83275.js  54.2 kB
  Γöö other shared chunks (total)          2.12 kB


Γùï  (Static)   prerendered as static content
╞Æ  (Dynamic)  server-rendered on demand

